Microchip MPLAB XC8 Compiler V2.10 ()

Linker command line:

-W-3 --edf=C:\Program Files (x86)\Microchip\xc8\v2.10\pic\dat\en_msgs.txt \
  -cs -h+dist/default/production\ECM.production.sym \
  --cmf=dist/default/production\ECM.production.cmf -z -Q18F4331 \
  -oC:\Users\ossia\AppData\Local\Temp\shf0.2 --defsym=__MPLAB_BUILD=1 \
  -Mdist/default/production/ECM.production.map -E1 -ver=XC8 --acfsm=1493 \
  -ASTACK=060h-02FFh -pstack=STACK -ACODE=00h-01FFFh -ACONST=00h-01FFFh \
  -ASMALLCONST=0300h-03FFhx29 -AMEDIUMCONST=0300h-01FFFh -ACOMRAM=01h-05Fh \
  -AABS1=00h-02FFh -ABIGRAM=01h-02FFh -ARAM=060h-0FFh,0100h-01FFhx2 \
  -ABANK0=060h-0FFh -ABANK1=0100h-01FFh -ABANK2=0200h-02FFh \
  -ASFR=0F60h-0FFFh -preset_vec=00h,intcode=08h,intcodelo,powerup,init \
  -pramtop=0300h -psmallconst=SMALLCONST -pmediumconst=MEDIUMCONST \
  -pconst=CONST -AFARRAM=00h-00h -ACONFIG=0300000h-030000Dh -pconfig=CONFIG \
  -AIDLOC=0200000h-0200007h -pidloc=IDLOC -AEEDATA=0F00000h-0F000FFh \
  -peeprom_data=EEDATA \
  -prdata=COMRAM,nvrram=COMRAM,nvbit=COMRAM,rbss=COMRAM,rbit=COMRAM \
  -pfarbss=FARRAM,fardata=FARRAM,nvFARRAM=FARRAM \
  -pintsave_regs=BIGRAM,bigbss=BIGRAM,bigdata=BIGRAM -pbss=RAM \
  -pidata=CODE,irdata=CODE,ibigdata=CODE,ifardata=CODE -prparam=COMRAM \
  C:\Users\ossia\AppData\Local\Temp\shf0.o \
  dist/default/production\ECM.production.o 

Object code version is 3.11

Machine type is 18F4331

Call graph: (short form)




                Name                               Link     Load   Length Selector   Space Scale
C:\Users\ossia\AppData\Local\Temp\shf0.o
                init                                 3E       3E        4        4       0
                reset_vec                             0        0        4        0       0
                idloc                            200000   200000        8   200000       0
                config                           300000   300000        E   300000       0
dist/default/production\ECM.production.o
                intcode                               8        8       36        4       0
                temp                                 40       40        1        1       1
                text9                               348      348        E        4       0
                text8                               178      178       78        4       0
                text7                               2B2      2B2       30        4       0
                text6                                42       42       AA        4       0
                text5                               242      242       3C        4       0
                text4                               27E      27E       34        4       0
                text3                               30A      30A       26        4       0
                text2                               1F0      1F0       52        4       0
                text1                               330      330       18        4       0
                text0                                EC       EC       8C        4       0
                cstackCOMRAM                         23       23       1C        1       1
                dataCOMRAM                           3F       3F        1        1       1
                bssCOMRAM                             1        1       22        1       1
                cinit                               2E2      2E2       28        4       0
                idataCOMRAM                         356      356        1        4       0

TOTAL           Name                               Link     Load   Length     Space
        CLASS   STACK          

        CLASS   CODE           
                intcode                               8        8       36         0
                init                                 3E       3E        4         0
                reset_vec                             0        0        4         0
                text9                               348      348        E         0
                text8                               178      178       78         0
                text7                               2B2      2B2       30         0
                text6                                42       42       AA         0
                text5                               242      242       3C         0
                text4                               27E      27E       34         0
                text3                               30A      30A       26         0
                text2                               1F0      1F0       52         0
                text1                               330      330       18         0
                text0                                EC       EC       8C         0
                cinit                               2E2      2E2       28         0
                idataCOMRAM                         356      356        1         0

        CLASS   CONST          

        CLASS   SMALLCONST     

        CLASS   MEDIUMCONST    

        CLASS   COMRAM         
                temp                                 40       40        1         1
                cstackCOMRAM                         23       23       1C         1
                dataCOMRAM                           3F       3F        1         1
                bssCOMRAM                             1        1       22         1

        CLASS   ABS1           

        CLASS   BIGRAM         

        CLASS   RAM            

        CLASS   BANK0          

        CLASS   BANK1          

        CLASS   BANK2          

        CLASS   SFR            

        CLASS   FARRAM         

        CLASS   CONFIG         
                config                           300000   300000        E         0

        CLASS   IDLOC          
                idloc                            200000   200000        8         0

        CLASS   EEDATA         



SEGMENTS        Name                           Load    Length   Top    Selector   Space  Class

                reset_vec                      000000  000004  000004         0       0  CODE    
                bssCOMRAM                      000001  000040  000041         1       1  COMRAM  
                intcode                        000008  00034F  000357         4       0  CODE    
                idloc                          200000  000008  200008    200000       0  IDLOC   
                config                         300000  00000E  30000E    300000       0  CONFIG  


UNUSED ADDRESS RANGES

        Name                Unused          Largest block    Delta
        BANK0            000060-0000FF               A0
        BANK1            000100-0001FF              100
        BANK2            000200-0002FF              100
        BIGRAM           000041-0002FF              2BF
        CODE             000004-000007                4
                         000357-001FFF             1CA9
        COMRAM           000041-00005F               1F
        CONST            000004-000007                4
                         000357-001FFF             1CA9
        EEDATA           F00000-F000FF              100
        MEDIUMCONST      000357-001FFF             1CA9
        RAM              000060-0002FF              100
        SFR              000F60-000FFF               A0
        SMALLCONST       000357-001FFF              100
        STACK            000060-0002FF              2A0

                                  Symbol Table

?___wmul                       cstackCOMRAM 000025
LCD_String@string              cstackCOMRAM 000029
LCDout@number                  cstackCOMRAM 000026
SendLCD@Byte                   cstackCOMRAM 000028
SendLCD@type                   cstackCOMRAM 000027
SetLine@line                   cstackCOMRAM 000029
_A                             bssCOMRAM    000001
_BAUDCONbits                   (abs)        000FAA
_E_TOG                         text9        000348
_INTCONbits                    (abs)        000FF2
_InterruptHandlerHigh          intcode      000008
_LATAbits                      (abs)        000F89
_LATB                          (abs)        000F8A
_LATBbits                      (abs)        000F8A
_LATCbits                      (abs)        000F8B
_LATDbits                      (abs)        000F8C
_LCD_Init                      text6        000042
_LCD_String                    text5        000242
_LCDout                        text8        000178
_OSCCON                        (abs)        000FD3
_OSCCONbits                    (abs)        000FD3
_PDC0H                         (abs)        000F78
_PDC0L                         (abs)        000F79
_PDC1H                         (abs)        000F76
_PDC1L                         (abs)        000F77
_PIE1bits                      (abs)        000F9D
_PIR1bits                      (abs)        000F9E
_PTCON0                        (abs)        000F7F
_PTCON1                        (abs)        000F7E
_PTPERH                        (abs)        000F7A
_PTPERL                        (abs)        000F7B
_PWMCON0                       (abs)        000F6F
_PWMCON1                       (abs)        000F6E
_RCONbits                      (abs)        000FD0
_RCREG                         (abs)        000FAE
_RCSTAbits                     (abs)        000FAB
_SPBRG                         (abs)        000FAF
_SPBRGH                        (abs)        000FB0
_SendLCD                       text7        0002B2
_SetLine                       text4        00027E
_TRISAbits                     (abs)        000F92
_TRISBbits                     (abs)        000F93
_TRISCbits                     (abs)        000F94
_TRISDbits                     (abs)        000F95
_TXREG                         (abs)        000FAD
_TXSTAbits                     (abs)        000FAC
_TurningSpeed                  dataCOMRAM   00003F
__CFG_OSC$IRCIO                (abs)        000000
__HRAM                         (abs)        000000
__Habs1                        abs1         000000
__Hbank0                       bank0        000000
__Hbank1                       bank1        000000
__Hbank2                       bank2        000000
__Hbigbss                      bigbss       000000
__Hbigdata                     bigdata      000000
__Hbigram                      bigram       000000
__Hbss                         bss          000000
__HbssCOMRAM                   bssCOMRAM    000000
__Hcinit                       cinit        000000
__Hclrtext                     clrtext      000000
__Hcomram                      comram       000000
__Hconfig                      config       30000E
__Hconst                       const        000000
__HcstackCOMRAM                cstackCOMRAM 000000
__Hdata                        data         000000
__HdataCOMRAM                  dataCOMRAM   000000
__Heeprom_data                 eeprom_data  000000
__Hfarbss                      farbss       000000
__Hfardata                     fardata      000000
__Hibigdata                    ibigdata     000000
__Hidata                       idata        000000
__HidataCOMRAM                 idataCOMRAM  000000
__Hidloc                       idloc        200008
__Hifardata                    ifardata     000000
__Hinit                        init         000042
__Hintcode                     intcode      00003E
__Hintcode_body                intcode_body 000000
__Hintcodelo                   intcodelo    00003E
__Hintentry                    intentry     000000
__Hintret                      intret       000000
__Hintsave_regs                intsave_regs 000000
__Hirdata                      irdata       000000
__Hmediumconst                 mediumconst  000000
__HnvFARRAM                    nvFARRAM     000000
__Hnvbit                       nvbit        000000
__Hnvrram                      nvrram       000000
__Hparam                       rparam       000000
__Hpowerup                     powerup      00003E
__Hram                         ram          000000
__Hramtop                      ramtop       000300
__Hrbit                        rbit         000000
__Hrbss                        rbss         000000
__Hrdata                       rdata        000000
__Hreset_vec                   reset_vec    000004
__Hrparam                      rparam       000000
__Hsfr                         sfr          000000
__Hsmallconst                  smallconst   000000
__Hspace_0                     (abs)        30000E
__Hspace_1                     (abs)        000041
__Hspace_2                     (abs)        000000
__Hstack                       stack        000000
__Hstruct                      struct       000000
__Htemp                        temp         000041
__Htext                        text         000000
__Htext0                       text0        000000
__Htext1                       text1        000000
__Htext2                       text2        000000
__Htext3                       text3        000000
__Htext4                       text4        000000
__Htext5                       text5        000000
__Htext6                       text6        000000
__Htext7                       text7        000000
__Htext8                       text8        000000
__Htext9                       text9        000000
__LRAM                         (abs)        000001
__Labs1                        abs1         000000
__Lbank0                       bank0        000000
__Lbank1                       bank1        000000
__Lbank2                       bank2        000000
__Lbigbss                      bigbss       000000
__Lbigdata                     bigdata      000000
__Lbigram                      bigram       000000
__Lbss                         bss          000000
__LbssCOMRAM                   bssCOMRAM    000000
__Lcinit                       cinit        000000
__Lclrtext                     clrtext      000000
__Lcomram                      comram       000000
__Lconfig                      config       300000
__Lconst                       const        000000
__LcstackCOMRAM                cstackCOMRAM 000000
__Ldata                        data         000000
__LdataCOMRAM                  dataCOMRAM   000000
__Leeprom_data                 eeprom_data  000000
__Lfarbss                      farbss       000000
__Lfardata                     fardata      000000
__Libigdata                    ibigdata     000000
__Lidata                       idata        000000
__LidataCOMRAM                 idataCOMRAM  000000
__Lidloc                       idloc        200000
__Lifardata                    ifardata     000000
__Linit                        init         00003E
__Lintcode                     intcode      000008
__Lintcode_body                intcode_body 000000
__Lintcodelo                   intcodelo    00003E
__Lintentry                    intentry     000000
__Lintret                      intret       000000
__Lintsave_regs                intsave_regs 000000
__Lirdata                      irdata       000000
__Lmediumconst                 mediumconst  000000
__LnvFARRAM                    nvFARRAM     000000
__Lnvbit                       nvbit        000000
__Lnvrram                      nvrram       000000
__Lparam                       rparam       000000
__Lpowerup                     powerup      00003E
__Lram                         ram          000000
__Lramtop                      ramtop       000300
__Lrbit                        rbit         000000
__Lrbss                        rbss         000000
__Lrdata                       rdata        000000
__Lreset_vec                   reset_vec    000000
__Lrparam                      rparam       000000
__Lsfr                         sfr          000000
__Lsmallconst                  smallconst   000000
__Lspace_0                     (abs)        000000
__Lspace_1                     (abs)        000000
__Lspace_2                     (abs)        000000
__Lstack                       stack        000000
__Lstruct                      struct       000000
__Ltemp                        temp         000040
__Ltext                        text         000000
__Ltext0                       text0        000000
__Ltext1                       text1        000000
__Ltext2                       text2        000000
__Ltext3                       text3        000000
__Ltext4                       text4        000000
__Ltext5                       text5        000000
__Ltext6                       text6        000000
__Ltext7                       text7        000000
__Ltext8                       text8        000000
__Ltext9                       text9        000000
__S0                           (abs)        30000E
__S1                           (abs)        000041
__S2                           (abs)        000000
___inthi_sp                    stack        000000
___intlo_sp                    stack        000000
___param_bank                  (abs)        000000
___rparam_used                 (abs)        000001
___sp                          stack        000000
___wmul                        text3        00030A
___wmul@multiplicand           cstackCOMRAM 000027
___wmul@multiplier             cstackCOMRAM 000025
___wmul@product                cstackCOMRAM 000029
__accesstop                    (abs)        000060
__activetblptr                 (abs)        000000
__end_of_E_TOG                 text9        000356
__end_of_InterruptHandlerHigh  intcode      00003E
__end_of_LCD_Init              text6        0000EC
__end_of_LCD_String            text5        00027E
__end_of_LCDout                text8        0001F0
__end_of_SendLCD               text7        0002E2
__end_of_SetLine               text4        0002B2
__end_of___wmul                text3        000330
__end_of__initialization       cinit        000300
__end_of_delay_s               text2        000242
__end_of_initSerial            text1        000348
__end_of_main                  text0        000178
__initialization               cinit        0002E2
__mediumconst                  mediumconst  000000
__pbssCOMRAM                   bssCOMRAM    000001
__pcinit                       cinit        0002E2
__pcstackCOMRAM                cstackCOMRAM 000023
__pdataCOMRAM                  dataCOMRAM   00003F
__pidataCOMRAM                 idataCOMRAM  000356
__pintcode                     intcode      000008
__ptext0                       text0        0000EC
__ptext1                       text1        000330
__ptext2                       text2        0001F0
__ptext3                       text3        00030A
__ptext4                       text4        00027E
__ptext5                       text5        000242
__ptext6                       text6        000042
__ptext7                       text7        0002B2
__ptext8                       text8        000178
__ptext9                       text9        000348
__ramtop                       ramtop       000300
__size_of_E_TOG                (abs)        000000
__size_of_InterruptHandlerHigh (abs)        000000
__size_of_LCD_Init             (abs)        000000
__size_of_LCD_String           (abs)        000000
__size_of_LCDout               (abs)        000000
__size_of_SendLCD              (abs)        000000
__size_of_SetLine              (abs)        000000
__size_of___wmul               (abs)        000000
__size_of_delay_s              (abs)        000000
__size_of_initSerial           (abs)        000000
__size_of_main                 (abs)        000000
__smallconst                   smallconst   000000
_delay_s                       text2        0001F0
_initSerial                    text1        000330
_main                          text0        0000EC
_motorL                        bssCOMRAM    00001A
_motorR                        bssCOMRAM    000011
_reader                        bssCOMRAM    000010
btemp                          temp         000040
delay_s@i                      cstackCOMRAM 00002E
delay_s@j                      cstackCOMRAM 000030
delay_s@seconds                cstackCOMRAM 00002B
end_of_initialization          cinit        000300
int$flags                      temp         000040
intlevel0                      text         000000
intlevel1                      text         000000
intlevel2                      text         000000
intlevel3                      text         000000
main@buf                       cstackCOMRAM 000032
main@i                         cstackCOMRAM 00003E
stackhi                        (abs)        0002FF
stacklo                        (abs)        000060
start                          init         00003E
start_initialization           cinit        0002E2
ttemp5                         temp         000041
ttemp6                         temp         000044
ttemp7                         temp         000048
wtemp8                         temp         000041


FUNCTION INFORMATION:

 *************** function _main *****************
 Defined at:
		line 19 in file "main.c"
 Parameters:    Size  Location     Type
		None
 Auto vars:     Size  Location     Type
  buf            12   15[COMRAM] unsigned char [12]
  i               1   27[COMRAM] unsigned char 
 Return value:  Size  Location     Type
                  1    wreg      void 
 Registers used:
		wreg, fsr1l, fsr1h, fsr2l, fsr2h, status,2, status,0, prodl, prodh, cstack
 Tracked objects:
		On entry : 
		On exit  : 
		Unchanged: 
 Data sizes:     COMRAM   BANK0   BANK1   BANK2
      Params:         0       0       0       0
      Locals:        13       0       0       0
      Temps:          0       0       0       0
      Totals:        13       0       0       0
Total ram usage:       13 bytes
 Hardware stack levels required when called:    5
 This function calls:
		_LCD_Init
		_LCD_String
		_SetLine
		_delay_s
		_initSerial
 This function is called by:
		Startup code after reset
 This function uses a non-reentrant model


 *************** function _initSerial *****************
 Defined at:
		line 26 in file "serial.c"
 Parameters:    Size  Location     Type
		None
 Auto vars:     Size  Location     Type
		None
 Return value:  Size  Location     Type
                  1    wreg      void 
 Registers used:
		wreg, status,2
 Tracked objects:
		On entry : 
		On exit  : 
		Unchanged: 
 Data sizes:     COMRAM   BANK0   BANK1   BANK2
      Params:         0       0       0       0
      Locals:         0       0       0       0
      Temps:          0       0       0       0
      Totals:         0       0       0       0
Total ram usage:        0 bytes
 Hardware stack levels used:    1
 Hardware stack levels required when called:    1
 This function calls:
		Nothing
 This function is called by:
		_main
 This function uses a non-reentrant model


 *************** function _delay_s *****************
 Defined at:
		line 107 in file "motor.c"
 Parameters:    Size  Location     Type
  seconds         2    8[COMRAM] int 
 Auto vars:     Size  Location     Type
  j               2   13[COMRAM] unsigned int 
  i               2   11[COMRAM] unsigned int 
 Return value:  Size  Location     Type
                  1    wreg      void 
 Registers used:
		wreg, status,2, status,0, prodl, prodh, cstack
 Tracked objects:
		On entry : 
		On exit  : 
		Unchanged: 
 Data sizes:     COMRAM   BANK0   BANK1   BANK2
      Params:         2       0       0       0
      Locals:         4       0       0       0
      Temps:          1       0       0       0
      Totals:         7       0       0       0
Total ram usage:        7 bytes
 Hardware stack levels used:    1
 Hardware stack levels required when called:    2
 This function calls:
		___wmul
 This function is called by:
		_main
 This function uses a non-reentrant model


 *************** function ___wmul *****************
 Defined at:
		line 15 in file "C:\Program Files (x86)\Microchip\xc8\v2.10\pic\sources\c99\common\Umul16.c"
 Parameters:    Size  Location     Type
  multiplier      2    2[COMRAM] unsigned int 
  multiplicand    2    4[COMRAM] unsigned int 
 Auto vars:     Size  Location     Type
  product         2    6[COMRAM] unsigned int 
 Return value:  Size  Location     Type
                  2    2[COMRAM] unsigned int 
 Registers used:
		wreg, status,2, status,0, prodl, prodh
 Tracked objects:
		On entry : 
		On exit  : 
		Unchanged: 
 Data sizes:     COMRAM   BANK0   BANK1   BANK2
      Params:         4       0       0       0
      Locals:         2       0       0       0
      Temps:          0       0       0       0
      Totals:         6       0       0       0
Total ram usage:        6 bytes
 Hardware stack levels used:    1
 Hardware stack levels required when called:    1
 This function calls:
		Nothing
 This function is called by:
		_delay_s
		_setMotorPWM
 This function uses a non-reentrant model


 *************** function _SetLine *****************
 Defined at:
		line 85 in file "lcd.c"
 Parameters:    Size  Location     Type
  line            1    wreg     unsigned char 
 Auto vars:     Size  Location     Type
  line            1    6[COMRAM] unsigned char 
 Return value:  Size  Location     Type
                  1    wreg      void 
 Registers used:
		wreg, status,2, status,0, cstack
 Tracked objects:
		On entry : 
		On exit  : 
		Unchanged: 
 Data sizes:     COMRAM   BANK0   BANK1   BANK2
      Params:         0       0       0       0
      Locals:         1       0       0       0
      Temps:          0       0       0       0
      Totals:         1       0       0       0
Total ram usage:        1 bytes
 Hardware stack levels used:    1
 Hardware stack levels required when called:    4
 This function calls:
		_SendLCD
 This function is called by:
		_main
 This function uses a non-reentrant model


 *************** function _LCD_String *****************
 Defined at:
		line 94 in file "lcd.c"
 Parameters:    Size  Location     Type
  string          2    6[COMRAM] PTR unsigned char 
		 -> main@buf(12), 
 Auto vars:     Size  Location     Type
		None
 Return value:  Size  Location     Type
                  1    wreg      void 
 Registers used:
		wreg, fsr2l, fsr2h, status,2, status,0, cstack
 Tracked objects:
		On entry : 
		On exit  : 
		Unchanged: 
 Data sizes:     COMRAM   BANK0   BANK1   BANK2
      Params:         2       0       0       0
      Locals:         0       0       0       0
      Temps:          0       0       0       0
      Totals:         2       0       0       0
Total ram usage:        2 bytes
 Hardware stack levels used:    1
 Hardware stack levels required when called:    4
 This function calls:
		_SendLCD
 This function is called by:
		_main
 This function uses a non-reentrant model


 *************** function _LCD_Init *****************
 Defined at:
		line 38 in file "lcd.c"
 Parameters:    Size  Location     Type
		None
 Auto vars:     Size  Location     Type
		None
 Return value:  Size  Location     Type
                  1    wreg      void 
 Registers used:
		wreg, status,2, status,0, cstack
 Tracked objects:
		On entry : 
		On exit  : 
		Unchanged: 
 Data sizes:     COMRAM   BANK0   BANK1   BANK2
      Params:         0       0       0       0
      Locals:         0       0       0       0
      Temps:          1       0       0       0
      Totals:         1       0       0       0
Total ram usage:        1 bytes
 Hardware stack levels used:    1
 Hardware stack levels required when called:    4
 This function calls:
		_LCDout
		_SendLCD
 This function is called by:
		_main
 This function uses a non-reentrant model


 *************** function _SendLCD *****************
 Defined at:
		line 26 in file "lcd.c"
 Parameters:    Size  Location     Type
  Byte            1    wreg     unsigned char 
  type            1    4[COMRAM] unsigned char 
 Auto vars:     Size  Location     Type
  Byte            1    5[COMRAM] unsigned char 
 Return value:  Size  Location     Type
                  1    wreg      void 
 Registers used:
		wreg, status,2, status,0, cstack
 Tracked objects:
		On entry : 
		On exit  : 
		Unchanged: 
 Data sizes:     COMRAM   BANK0   BANK1   BANK2
      Params:         1       0       0       0
      Locals:         1       0       0       0
      Temps:          0       0       0       0
      Totals:         2       0       0       0
Total ram usage:        2 bytes
 Hardware stack levels used:    1
 Hardware stack levels required when called:    3
 This function calls:
		_LCDout
 This function is called by:
		_LCD_Init
		_SetLine
		_LCD_String
		_ClearLCD
 This function uses a non-reentrant model


 *************** function _LCDout *****************
 Defined at:
		line 14 in file "lcd.c"
 Parameters:    Size  Location     Type
  number          1    wreg     unsigned char 
 Auto vars:     Size  Location     Type
  number          1    3[COMRAM] unsigned char 
 Return value:  Size  Location     Type
                  1    wreg      void 
 Registers used:
		wreg, status,2, status,0, cstack
 Tracked objects:
		On entry : 
		On exit  : 
		Unchanged: 
 Data sizes:     COMRAM   BANK0   BANK1   BANK2
      Params:         0       0       0       0
      Locals:         1       0       0       0
      Temps:          1       0       0       0
      Totals:         2       0       0       0
Total ram usage:        2 bytes
 Hardware stack levels used:    1
 Hardware stack levels required when called:    2
 This function calls:
		_E_TOG
 This function is called by:
		_SendLCD
		_LCD_Init
 This function uses a non-reentrant model


 *************** function _E_TOG *****************
 Defined at:
		line 4 in file "lcd.c"
 Parameters:    Size  Location     Type
		None
 Auto vars:     Size  Location     Type
		None
 Return value:  Size  Location     Type
                  1    wreg      void 
 Registers used:
		wreg
 Tracked objects:
		On entry : 
		On exit  : 
		Unchanged: 
 Data sizes:     COMRAM   BANK0   BANK1   BANK2
      Params:         0       0       0       0
      Locals:         0       0       0       0
      Temps:          0       0       0       0
      Totals:         0       0       0       0
Total ram usage:        0 bytes
 Hardware stack levels used:    1
 Hardware stack levels required when called:    1
 This function calls:
		Nothing
 This function is called by:
		_LCDout
 This function uses a non-reentrant model


 *************** function _InterruptHandlerHigh *****************
 Defined at:
		line 12 in file "main.c"
 Parameters:    Size  Location     Type
		None
 Auto vars:     Size  Location     Type
		None
 Return value:  Size  Location     Type
                  1    wreg      void 
 Registers used:
		wreg, fsr2l, fsr2h, status,2, status,0
 Tracked objects:
		On entry : 
		On exit  : 
		Unchanged: 
 Data sizes:     COMRAM   BANK0   BANK1   BANK2
      Params:         0       0       0       0
      Locals:         0       0       0       0
      Temps:          2       0       0       0
      Totals:         2       0       0       0
Total ram usage:        2 bytes
 Hardware stack levels used:    1
 This function calls:
		Nothing
 This function is called by:
		Interrupt level 2
 This function uses a non-reentrant model



MODULE INFORMATION

Module		Function		Class		Link	Load	Size
serial.c
		_initSerial    		CODE           	0330	0000	25

serial.c estimated size: 25

motor.c
		_delay_s       		CODE           	01F0	0000	83

motor.c estimated size: 83

shared
		__initialization		CODE           	02E2	0000	31

shared estimated size: 31

lcd.c
		_SetLine       		CODE           	027E	0000	53
		_LCD_String    		CODE           	0242	0000	61
		_LCD_Init      		CODE           	0042	0000	171
		_SendLCD       		CODE           	02B2	0000	49
		_E_TOG         		CODE           	0348	0000	15
		_LCDout        		CODE           	0178	0000	121

lcd.c estimated size: 470

C:\Program Files (x86)\Microchip\xc8\v2.10\pic\sources\c99\common\Umul16.c
		___wmul        		CODE           	030A	0000	39

C:\Program Files (x86)\Microchip\xc8\v2.10\pic\sources\c99\common\Umul16.c estimated size: 39

main.c
		_main          		CODE           	00EC	0000	141
		_InterruptHandlerHigh		CODE           	0008	0000	55

main.c estimated size: 196

