Microchip MPLAB XC8 Compiler V2.10 ()

Linker command line:

-W-3 --edf=C:\Program Files (x86)\Microchip\xc8\v2.10\pic\dat\en_msgs.txt \
  -cs -h+dist/default/production\ECM.production.sym \
  --cmf=dist/default/production\ECM.production.cmf -z -Q18F4331 \
  -oC:\Users\ossia\AppData\Local\Temp\sjg4.2 --defsym=__MPLAB_BUILD=1 \
  -Mdist/default/production/ECM.production.map -E1 -ver=XC8 --acfsm=1493 \
  -ASTACK=060h-02FFh -pstack=STACK -ACODE=00h-01FFFh -ACONST=00h-01FFFh \
  -ASMALLCONST=0300h-03FFhx29 -AMEDIUMCONST=0300h-01FFFh -ACOMRAM=01h-05Fh \
  -AABS1=00h-02FFh -ABIGRAM=01h-02FFh -ARAM=060h-0FFh,0100h-01FFhx2 \
  -ABANK0=060h-0FFh -ABANK1=0100h-01FFh -ABANK2=0200h-02FFh \
  -ASFR=0F60h-0FFFh -preset_vec=00h,intcode,intcodelo,powerup,init \
  -pramtop=0300h -psmallconst=SMALLCONST -pmediumconst=MEDIUMCONST \
  -pconst=CONST -AFARRAM=00h-00h -ACONFIG=0300000h-030000Dh -pconfig=CONFIG \
  -AIDLOC=0200000h-0200007h -pidloc=IDLOC -AEEDATA=0F00000h-0F000FFh \
  -peeprom_data=EEDATA \
  -prdata=COMRAM,nvrram=COMRAM,nvbit=COMRAM,rbss=COMRAM,rbit=COMRAM \
  -pfarbss=FARRAM,fardata=FARRAM,nvFARRAM=FARRAM \
  -pintsave_regs=BIGRAM,bigbss=BIGRAM,bigdata=BIGRAM -pbss=RAM \
  -pidata=CODE,irdata=CODE,ibigdata=CODE,ifardata=CODE -prparam=COMRAM \
  C:\Users\ossia\AppData\Local\Temp\sjg4.o \
  dist/default/production\ECM.production.o 

Object code version is 3.11

Machine type is 18F4331

Call graph: (short form)




                Name                               Link     Load   Length Selector   Space Scale
C:\Users\ossia\AppData\Local\Temp\sjg4.o
                init                                  0        0        4        0       0
                idloc                            200000   200000        8   200000       0
                config                           300000   300000        E   300000       0
dist/default/production\ECM.production.o
                smallconst                          300      300       10      180       0
                text8                               5D2      5D2        E      188       0
                text7                               3BA      3BA       7C      188       0
                text6                               576      576       30      188       0
                text5                               310      310       AA      188       0
                text4                               506      506       3C      188       0
                text3                               4C6      4C6       40      188       0
                text2                               542      542       34      188       0
                text1                               486      486       40      188       0
                text0                               436      436       50      188       0
                cstackCOMRAM                         17       17       12        1       1
                dataCOMRAM                           29       29        1        1       1
                bssCOMRAM                             1        1       16        1       1
                cinit                               5A6      5A6       2C      188       0
                idataCOMRAM                         5E0      5E0        1      188       0

TOTAL           Name                               Link     Load   Length     Space
        CLASS   STACK          

        CLASS   CODE           
                init                                  0        0        4         0
                text8                               5D2      5D2        E         0
                text7                               3BA      3BA       7C         0
                text6                               576      576       30         0
                text5                               310      310       AA         0
                text4                               506      506       3C         0
                text3                               4C6      4C6       40         0
                text2                               542      542       34         0
                text1                               486      486       40         0
                text0                               436      436       50         0
                cinit                               5A6      5A6       2C         0
                idataCOMRAM                         5E0      5E0        1         0

        CLASS   CONST          

        CLASS   SMALLCONST     
                smallconst                          300      300       10         0

        CLASS   MEDIUMCONST    

        CLASS   COMRAM         
                cstackCOMRAM                         17       17       12         1
                dataCOMRAM                           29       29        1         1
                bssCOMRAM                             1        1       16         1

        CLASS   ABS1           

        CLASS   BIGRAM         

        CLASS   RAM            

        CLASS   BANK0          

        CLASS   BANK1          

        CLASS   BANK2          

        CLASS   SFR            

        CLASS   FARRAM         

        CLASS   CONFIG         
                config                           300000   300000        E         0

        CLASS   IDLOC          
                idloc                            200000   200000        8         0

        CLASS   EEDATA         



SEGMENTS        Name                           Load    Length   Top    Selector   Space  Class

                reset_vec                      000000  000004  000004         0       0  CODE    
                bssCOMRAM                      000001  000029  00002A         1       1  COMRAM  
                smallconst                     000300  000010  000310       180       0  SMALLCON
                text5                          000310  0002D1  0005E1       188       0  CODE    
                idloc                          200000  000008  200008    200000       0  IDLOC   
                config                         300000  00000E  30000E    300000       0  CONFIG  


UNUSED ADDRESS RANGES

        Name                Unused          Largest block    Delta
        BANK0            000060-0000FF               A0
        BANK1            000100-0001FF              100
        BANK2            000200-0002FF              100
        BIGRAM           00002A-0002FF              2D6
        CODE             000004-0002FF              2FC
                         0005E1-001FFF             1A1F
        COMRAM           00002A-00005F               36
        CONST            000004-0002FF              2FC
                         0005E1-001FFF             1A1F
        EEDATA           F00000-F000FF              100
        MEDIUMCONST      0005E1-001FFF             1A1F
        RAM              000060-0002FF              100
        SFR              000F60-000FFF               A0
        SMALLCONST       0005E1-001FFF              100
        STACK            000060-0002FF              2A0

                                  Symbol Table

LCD_String@string        cstackCOMRAM 00001B
LCDout@number            cstackCOMRAM 000018
LEDout@number            cstackCOMRAM 000017
SendLCD@Byte             cstackCOMRAM 00001A
SendLCD@type             cstackCOMRAM 000019
SetLine@line             cstackCOMRAM 00001B
_BAUDCONbits             (abs)        000FAA
_E_TOG                   text8        0005D2
_LATAbits                (abs)        000F89
_LATB                    (abs)        000F8A
_LATBbits                (abs)        000F8A
_LATC                    (abs)        000F8B
_LATCbits                (abs)        000F8B
_LATD                    (abs)        000F8C
_LATDbits                (abs)        000F8C
_LCD_Init                text5        000310
_LCD_String              text4        000506
_LCDout                  text7        0003BA
_LEDout                  text3        0004C6
_OSCCON                  (abs)        000FD3
_OSCCONbits              (abs)        000FD3
_PDC0H                   (abs)        000F78
_PDC0L                   (abs)        000F79
_PDC1H                   (abs)        000F76
_PDC1L                   (abs)        000F77
_PIR1bits                (abs)        000F9E
_PTCON0                  (abs)        000F7F
_PTCON1                  (abs)        000F7E
_PTPERH                  (abs)        000F7A
_PTPERL                  (abs)        000F7B
_PWMCON0                 (abs)        000F6F
_PWMCON1                 (abs)        000F6E
_RCREG                   (abs)        000FAE
_RCSTAbits               (abs)        000FAB
_SPBRG                   (abs)        000FAF
_SPBRGH                  (abs)        000FB0
_SendLCD                 text6        000576
_SetLine                 text2        000542
_TRISAbits               (abs)        000F92
_TRISBbits               (abs)        000F93
_TRISCbits               (abs)        000F94
_TRISDbits               (abs)        000F95
_TXREG                   (abs)        000FAD
_TXSTAbits               (abs)        000FAC
_TurningSpeed            dataCOMRAM   000029
__CFG_OSC$IRCIO          (abs)        000000
__HRAM                   (abs)        000000
__Habs1                  abs1         000000
__Hbank0                 bank0        000000
__Hbank1                 bank1        000000
__Hbank2                 bank2        000000
__Hbigbss                bigbss       000000
__Hbigdata               bigdata      000000
__Hbigram                bigram       000000
__Hbss                   bss          000000
__HbssCOMRAM             bssCOMRAM    000000
__Hcinit                 cinit        000000
__Hclrtext               clrtext      000000
__Hcomram                comram       000000
__Hconfig                config       30000E
__Hconst                 const        000000
__HcstackCOMRAM          cstackCOMRAM 000000
__Hdata                  data         000000
__HdataCOMRAM            dataCOMRAM   000000
__Heeprom_data           eeprom_data  000000
__Hfarbss                farbss       000000
__Hfardata               fardata      000000
__Hibigdata              ibigdata     000000
__Hidata                 idata        000000
__HidataCOMRAM           idataCOMRAM  000000
__Hidloc                 idloc        200008
__Hifardata              ifardata     000000
__Hinit                  init         000004
__Hintcode               intcode      000000
__Hintcode_body          intcode_body 000000
__Hintcodelo             intcodelo    000000
__Hintentry              intentry     000000
__Hintret                intret       000000
__Hintsave_regs          intsave_regs 000000
__Hirdata                irdata       000000
__Hmediumconst           mediumconst  000000
__HnvFARRAM              nvFARRAM     000000
__Hnvbit                 nvbit        000000
__Hnvrram                nvrram       000000
__Hparam                 rparam       000000
__Hpowerup               powerup      000000
__Hram                   ram          000000
__Hramtop                ramtop       000300
__Hrbit                  rbit         000000
__Hrbss                  rbss         000000
__Hrdata                 rdata        000000
__Hreset_vec             reset_vec    000000
__Hrparam                rparam       000000
__Hsfr                   sfr          000000
__Hsmallconst            smallconst   000310
__Hspace_0               (abs)        30000E
__Hspace_1               (abs)        00002A
__Hspace_2               (abs)        000000
__Hstack                 stack        000000
__Hstruct                struct       000000
__Htemp                  temp         000000
__Htext                  text         000000
__Htext0                 text0        000000
__Htext1                 text1        000000
__Htext2                 text2        000000
__Htext3                 text3        000000
__Htext4                 text4        000000
__Htext5                 text5        000000
__Htext6                 text6        000000
__Htext7                 text7        000000
__Htext8                 text8        000000
__LRAM                   (abs)        000001
__Labs1                  abs1         000000
__Lbank0                 bank0        000000
__Lbank1                 bank1        000000
__Lbank2                 bank2        000000
__Lbigbss                bigbss       000000
__Lbigdata               bigdata      000000
__Lbigram                bigram       000000
__Lbss                   bss          000000
__LbssCOMRAM             bssCOMRAM    000000
__Lcinit                 cinit        000000
__Lclrtext               clrtext      000000
__Lcomram                comram       000000
__Lconfig                config       300000
__Lconst                 const        000000
__LcstackCOMRAM          cstackCOMRAM 000000
__Ldata                  data         000000
__LdataCOMRAM            dataCOMRAM   000000
__Leeprom_data           eeprom_data  000000
__Lfarbss                farbss       000000
__Lfardata               fardata      000000
__Libigdata              ibigdata     000000
__Lidata                 idata        000000
__LidataCOMRAM           idataCOMRAM  000000
__Lidloc                 idloc        200000
__Lifardata              ifardata     000000
__Linit                  init         000000
__Lintcode               intcode      000000
__Lintcode_body          intcode_body 000000
__Lintcodelo             intcodelo    000000
__Lintentry              intentry     000000
__Lintret                intret       000000
__Lintsave_regs          intsave_regs 000000
__Lirdata                irdata       000000
__Lmediumconst           mediumconst  000000
__LnvFARRAM              nvFARRAM     000000
__Lnvbit                 nvbit        000000
__Lnvrram                nvrram       000000
__Lparam                 rparam       000000
__Lpowerup               powerup      000000
__Lram                   ram          000000
__Lramtop                ramtop       000300
__Lrbit                  rbit         000000
__Lrbss                  rbss         000000
__Lrdata                 rdata        000000
__Lreset_vec             reset_vec    000000
__Lrparam                rparam       000000
__Lsfr                   sfr          000000
__Lsmallconst            smallconst   000300
__Lspace_0               (abs)        000000
__Lspace_1               (abs)        000000
__Lspace_2               (abs)        000000
__Lstack                 stack        000000
__Lstruct                struct       000000
__Ltemp                  temp         000000
__Ltext                  text         000000
__Ltext0                 text0        000000
__Ltext1                 text1        000000
__Ltext2                 text2        000000
__Ltext3                 text3        000000
__Ltext4                 text4        000000
__Ltext5                 text5        000000
__Ltext6                 text6        000000
__Ltext7                 text7        000000
__Ltext8                 text8        000000
__S0                     (abs)        30000E
__S1                     (abs)        00002A
__S2                     (abs)        000000
___inthi_sp              stack        000000
___intlo_sp              stack        000000
___param_bank            (abs)        000000
___rparam_used           (abs)        000001
___sp                    stack        000000
__accesstop              (abs)        000060
__activetblptr           (abs)        000001
__end_of_E_TOG           text8        0005E0
__end_of_LCD_Init        text5        0003BA
__end_of_LCD_String      text4        000542
__end_of_LCDout          text7        000436
__end_of_LEDout          text3        000506
__end_of_SendLCD         text6        0005A6
__end_of_SetLine         text2        000576
__end_of__initialization cinit        0005C4
__end_of_main            text0        000486
__end_of_strcpy          text1        0004C6
__initialization         cinit        0005A6
__mediumconst            mediumconst  000000
__pbssCOMRAM             bssCOMRAM    000001
__pcinit                 cinit        0005A6
__pcstackCOMRAM          cstackCOMRAM 000017
__pdataCOMRAM            dataCOMRAM   000029
__pidataCOMRAM           idataCOMRAM  0005E0
__psmallconst            smallconst   000300
__ptext0                 text0        000436
__ptext1                 text1        000486
__ptext2                 text2        000542
__ptext3                 text3        0004C6
__ptext4                 text4        000506
__ptext5                 text5        000310
__ptext6                 text6        000576
__ptext7                 text7        0003BA
__ptext8                 text8        0005D2
__ramtop                 ramtop       000300
__size_of_E_TOG          (abs)        000000
__size_of_LCD_Init       (abs)        000000
__size_of_LCD_String     (abs)        000000
__size_of_LCDout         (abs)        000000
__size_of_LEDout         (abs)        000000
__size_of_SendLCD        (abs)        000000
__size_of_SetLine        (abs)        000000
__size_of_main           (abs)        000000
__size_of_strcpy         (abs)        000000
__smallconst             smallconst   000300
_left                    bssCOMRAM    000001
_main                    text0        000436
_motorL                  bssCOMRAM    00000E
_motorR                  bssCOMRAM    000005
_right                   bssCOMRAM    000003
_strcpy                  text1        000486
end_of_initialization    cinit        0005C4
intlevel0                text         000000
intlevel1                text         000000
intlevel2                text         000000
intlevel3                text         000000
main@buf                 cstackCOMRAM 00001F
stackhi                  (abs)        0002FF
stacklo                  (abs)        000060
start                    init         000000
start_initialization     cinit        0005A6
strcpy@d                 cstackCOMRAM 00001D
strcpy@dest              cstackCOMRAM 000017
strcpy@s                 cstackCOMRAM 00001B
strcpy@src               cstackCOMRAM 000019


FUNCTION INFORMATION:

 *************** function _main *****************
 Defined at:
		line 42 in file "main.c"
 Parameters:    Size  Location     Type
		None
 Auto vars:     Size  Location     Type
  buf            10    8[COMRAM] unsigned char [10]
 Return value:  Size  Location     Type
                  1    wreg      void 
 Registers used:
		wreg, fsr2l, fsr2h, status,2, status,0, tblptrl, tblptrh, tblptru, cstack
 Tracked objects:
		On entry : 
		On exit  : 
		Unchanged: 
 Data sizes:     COMRAM   BANK0   BANK1   BANK2
      Params:         0       0       0       0
      Locals:        10       0       0       0
      Temps:          0       0       0       0
      Totals:        10       0       0       0
Total ram usage:       10 bytes
 Hardware stack levels required when called:    4
 This function calls:
		_LCD_Init
		_LCD_String
		_LEDout
		_SetLine
		_strcpy
 This function is called by:
		Startup code after reset
 This function uses a non-reentrant model


 *************** function _strcpy *****************
 Defined at:
		line 3 in file "C:\Program Files (x86)\Microchip\xc8\v2.10\pic\sources\c99\common\strcpy.c"
 Parameters:    Size  Location     Type
  dest            2    0[COMRAM] PTR unsigned char 
		 -> main@buf(10), 
  src             2    2[COMRAM] PTR const unsigned char 
		 -> STR_1(13), 
 Auto vars:     Size  Location     Type
  d               2    6[COMRAM] PTR unsigned char 
		 -> main@buf(10), 
  s               2    4[COMRAM] PTR const unsigned char 
		 -> STR_1(13), 
 Return value:  Size  Location     Type
                  2    0[COMRAM] PTR unsigned char 
 Registers used:
		wreg, fsr2l, fsr2h, status,2, status,0, tblptrl, tblptrh, tblptru
 Tracked objects:
		On entry : 
		On exit  : 
		Unchanged: 
 Data sizes:     COMRAM   BANK0   BANK1   BANK2
      Params:         4       0       0       0
      Locals:         4       0       0       0
      Temps:          0       0       0       0
      Totals:         8       0       0       0
Total ram usage:        8 bytes
 Hardware stack levels used:    1
 This function calls:
		Nothing
 This function is called by:
		_main
 This function uses a non-reentrant model


 *************** function _SetLine *****************
 Defined at:
		line 85 in file "lcd.c"
 Parameters:    Size  Location     Type
  line            1    wreg     unsigned char 
 Auto vars:     Size  Location     Type
  line            1    4[COMRAM] unsigned char 
 Return value:  Size  Location     Type
                  1    wreg      void 
 Registers used:
		wreg, status,2, status,0, cstack
 Tracked objects:
		On entry : 
		On exit  : 
		Unchanged: 
 Data sizes:     COMRAM   BANK0   BANK1   BANK2
      Params:         0       0       0       0
      Locals:         1       0       0       0
      Temps:          0       0       0       0
      Totals:         1       0       0       0
Total ram usage:        1 bytes
 Hardware stack levels used:    1
 Hardware stack levels required when called:    3
 This function calls:
		_SendLCD
 This function is called by:
		_main
 This function uses a non-reentrant model


 *************** function _LEDout *****************
 Defined at:
		line 4 in file "led.c"
 Parameters:    Size  Location     Type
  number          2    0[COMRAM] int 
 Auto vars:     Size  Location     Type
		None
 Return value:  Size  Location     Type
                  1    wreg      void 
 Registers used:
		wreg, status,2, status,0
 Tracked objects:
		On entry : 
		On exit  : 
		Unchanged: 
 Data sizes:     COMRAM   BANK0   BANK1   BANK2
      Params:         2       0       0       0
      Locals:         0       0       0       0
      Temps:          3       0       0       0
      Totals:         5       0       0       0
Total ram usage:        5 bytes
 Hardware stack levels used:    1
 This function calls:
		Nothing
 This function is called by:
		_main
 This function uses a non-reentrant model


 *************** function _LCD_String *****************
 Defined at:
		line 94 in file "lcd.c"
 Parameters:    Size  Location     Type
  string          2    4[COMRAM] PTR unsigned char 
		 -> main@buf(10), 
 Auto vars:     Size  Location     Type
		None
 Return value:  Size  Location     Type
                  1    wreg      void 
 Registers used:
		wreg, fsr2l, fsr2h, status,2, status,0, cstack
 Tracked objects:
		On entry : 
		On exit  : 
		Unchanged: 
 Data sizes:     COMRAM   BANK0   BANK1   BANK2
      Params:         2       0       0       0
      Locals:         0       0       0       0
      Temps:          0       0       0       0
      Totals:         2       0       0       0
Total ram usage:        2 bytes
 Hardware stack levels used:    1
 Hardware stack levels required when called:    3
 This function calls:
		_SendLCD
 This function is called by:
		_main
 This function uses a non-reentrant model


 *************** function _LCD_Init *****************
 Defined at:
		line 38 in file "lcd.c"
 Parameters:    Size  Location     Type
		None
 Auto vars:     Size  Location     Type
		None
 Return value:  Size  Location     Type
                  1    wreg      void 
 Registers used:
		wreg, status,2, status,0, cstack
 Tracked objects:
		On entry : 
		On exit  : 
		Unchanged: 
 Data sizes:     COMRAM   BANK0   BANK1   BANK2
      Params:         0       0       0       0
      Locals:         0       0       0       0
      Temps:          1       0       0       0
      Totals:         1       0       0       0
Total ram usage:        1 bytes
 Hardware stack levels used:    1
 Hardware stack levels required when called:    3
 This function calls:
		_LCDout
		_SendLCD
 This function is called by:
		_main
 This function uses a non-reentrant model


 *************** function _SendLCD *****************
 Defined at:
		line 26 in file "lcd.c"
 Parameters:    Size  Location     Type
  Byte            1    wreg     unsigned char 
  type            1    2[COMRAM] unsigned char 
 Auto vars:     Size  Location     Type
  Byte            1    3[COMRAM] unsigned char 
 Return value:  Size  Location     Type
                  1    wreg      void 
 Registers used:
		wreg, status,2, status,0, cstack
 Tracked objects:
		On entry : 
		On exit  : 
		Unchanged: 
 Data sizes:     COMRAM   BANK0   BANK1   BANK2
      Params:         1       0       0       0
      Locals:         1       0       0       0
      Temps:          0       0       0       0
      Totals:         2       0       0       0
Total ram usage:        2 bytes
 Hardware stack levels used:    1
 Hardware stack levels required when called:    2
 This function calls:
		_LCDout
 This function is called by:
		_LCD_Init
		_SetLine
		_LCD_String
		_ClearLCD
 This function uses a non-reentrant model


 *************** function _LCDout *****************
 Defined at:
		line 14 in file "lcd.c"
 Parameters:    Size  Location     Type
  number          1    wreg     unsigned char 
 Auto vars:     Size  Location     Type
  number          1    1[COMRAM] unsigned char 
 Return value:  Size  Location     Type
                  1    wreg      void 
 Registers used:
		wreg, status,2, status,0, cstack
 Tracked objects:
		On entry : 
		On exit  : 
		Unchanged: 
 Data sizes:     COMRAM   BANK0   BANK1   BANK2
      Params:         0       0       0       0
      Locals:         1       0       0       0
      Temps:          1       0       0       0
      Totals:         2       0       0       0
Total ram usage:        2 bytes
 Hardware stack levels used:    1
 Hardware stack levels required when called:    1
 This function calls:
		_E_TOG
 This function is called by:
		_SendLCD
		_LCD_Init
 This function uses a non-reentrant model


 *************** function _E_TOG *****************
 Defined at:
		line 4 in file "lcd.c"
 Parameters:    Size  Location     Type
		None
 Auto vars:     Size  Location     Type
		None
 Return value:  Size  Location     Type
                  1    wreg      void 
 Registers used:
		wreg
 Tracked objects:
		On entry : 
		On exit  : 
		Unchanged: 
 Data sizes:     COMRAM   BANK0   BANK1   BANK2
      Params:         0       0       0       0
      Locals:         0       0       0       0
      Temps:          0       0       0       0
      Totals:         0       0       0       0
Total ram usage:        0 bytes
 Hardware stack levels used:    1
 This function calls:
		Nothing
 This function is called by:
		_LCDout
 This function uses a non-reentrant model



MODULE INFORMATION

Module		Function		Class		Link	Load	Size
C:\Program Files (x86)\Microchip\xc8\v2.10\pic\sources\c99\common\strcpy.c
		_strcpy        		CODE           	0486	0000	65

C:\Program Files (x86)\Microchip\xc8\v2.10\pic\sources\c99\common\strcpy.c estimated size: 65

shared
		__initialization		CODE           	05A6	0000	31

shared estimated size: 31

lcd.c
		_SetLine       		CODE           	0542	0000	53
		_LCD_String    		CODE           	0506	0000	61
		_LCD_Init      		CODE           	0310	0000	171
		_SendLCD       		CODE           	0576	0000	49
		_E_TOG         		CODE           	05D2	0000	15
		_LCDout        		CODE           	03BA	0000	125

lcd.c estimated size: 474

main.c
		_main          		CODE           	0436	0000	81

main.c estimated size: 81

led.c
		_LEDout        		CODE           	04C6	0000	65

led.c estimated size: 65

