Microchip MPLAB XC8 Compiler V2.10 ()

Linker command line:

-W-3 --edf=C:\Program Files (x86)\Microchip\xc8\v2.10\pic\dat\en_msgs.txt \
  -cs -h+dist/default/production\ECM.production.sym \
  --cmf=dist/default/production\ECM.production.cmf -z -Q18F4331 \
  -oC:\Users\ossia\AppData\Local\Temp\s6gs.2 --defsym=__MPLAB_BUILD=1 \
  -Mdist/default/production/ECM.production.map -E1 -ver=XC8 --acfsm=1493 \
  -ASTACK=060h-02FFh -pstack=STACK -ACODE=00h-01FFFh -ACONST=00h-01FFFh \
  -ASMALLCONST=0300h-03FFhx29 -AMEDIUMCONST=0300h-01FFFh -ACOMRAM=01h-05Fh \
  -AABS1=00h-02FFh -ABIGRAM=01h-02FFh -ARAM=060h-0FFh,0100h-01FFhx2 \
  -ABANK0=060h-0FFh -ABANK1=0100h-01FFh -ABANK2=0200h-02FFh \
  -ASFR=0F60h-0FFFh -preset_vec=00h,intcode,intcodelo=018h,powerup,init \
  -pramtop=0300h -psmallconst=SMALLCONST -pmediumconst=MEDIUMCONST \
  -pconst=CONST -AFARRAM=00h-00h -ACONFIG=0300000h-030000Dh -pconfig=CONFIG \
  -AIDLOC=0200000h-0200007h -pidloc=IDLOC -AEEDATA=0F00000h-0F000FFh \
  -peeprom_data=EEDATA \
  -prdata=COMRAM,nvrram=COMRAM,nvbit=COMRAM,rbss=COMRAM,rbit=COMRAM \
  -pfarbss=FARRAM,fardata=FARRAM,nvFARRAM=FARRAM \
  -pintsave_regs=BIGRAM,bigbss=BIGRAM,bigdata=BIGRAM -pbss=RAM \
  -pidata=CODE,irdata=CODE,ibigdata=CODE,ifardata=CODE -prparam=COMRAM \
  C:\Users\ossia\AppData\Local\Temp\s6gs.o \
  dist/default/production\ECM.production.o 

Object code version is 3.11

Machine type is 18F4331

Call graph: (short form)




                Name                               Link     Load   Length Selector   Space Scale
C:\Users\ossia\AppData\Local\Temp\s6gs.o
                init                                 D2       D2        4        C       0
                reset_vec                             0        0        4        0       0
                idloc                            200000   200000        8   200000       0
                config                           300000   300000        E   300000       0
dist/default/production\ECM.production.o
                intcodelo                            18       18       BA        C       0
                temp                                 3D       3D        1        1       1
                text19                              638      638       40        C       0
                text18                              83C      83C        E        C       0
                text17                              5BC      5BC       7C        C       0
                text16                              710      710       30        C       0
                text15                              6AC      6AC       34        C       0
                text13                              82E      82E        E        C       0
                text12                              540      540       7C        C       0
                text11                              6E0      6E0       30        C       0
                text10                              414      414       AA        C       0
                text9                               80C      80C       22        C       0
                text8                               678      678       34        C       0
                text7                               350      350       C4        C       0
                text6                               7E6      7E6       26        C       0
                text5                                D6       D6      19A        C       0
                text4                               794      794       2A        C       0
                text3                               4BE      4BE       82        C       0
                text2                               76A      76A       2A        C       0
                text1                               740      740       2A        C       0
                text0                               270      270       E0        C       0
                cstackCOMRAM                          1        1       25        1       1
                dataCOMRAM                           3C       3C        1        1       1
                bssCOMRAM                            26       26       16        1       1
                cinit                               7BE      7BE       28        C       0
                idataCOMRAM                         84A      84A        1        C       0

TOTAL           Name                               Link     Load   Length     Space
        CLASS   STACK          

        CLASS   CODE           
                intcodelo                            18       18       BA         0
                init                                 D2       D2        4         0
                reset_vec                             0        0        4         0
                text19                              638      638       40         0
                text18                              83C      83C        E         0
                text17                              5BC      5BC       7C         0
                text16                              710      710       30         0
                text15                              6AC      6AC       34         0
                text13                              82E      82E        E         0
                text12                              540      540       7C         0
                text11                              6E0      6E0       30         0
                text10                              414      414       AA         0
                text9                               80C      80C       22         0
                text8                               678      678       34         0
                text7                               350      350       C4         0
                text6                               7E6      7E6       26         0
                text5                                D6       D6      19A         0
                text4                               794      794       2A         0
                text3                               4BE      4BE       82         0
                text2                               76A      76A       2A         0
                text1                               740      740       2A         0
                text0                               270      270       E0         0
                cinit                               7BE      7BE       28         0
                idataCOMRAM                         84A      84A        1         0

        CLASS   CONST          

        CLASS   SMALLCONST     

        CLASS   MEDIUMCONST    

        CLASS   COMRAM         
                temp                                 3D       3D        1         1
                cstackCOMRAM                          1        1       25         1
                dataCOMRAM                           3C       3C        1         1
                bssCOMRAM                            26       26       16         1

        CLASS   ABS1           

        CLASS   BIGRAM         

        CLASS   RAM            

        CLASS   BANK0          

        CLASS   BANK1          

        CLASS   BANK2          

        CLASS   SFR            

        CLASS   FARRAM         

        CLASS   CONFIG         
                config                           300000   300000        E         0

        CLASS   IDLOC          
                idloc                            200000   200000        8         0

        CLASS   EEDATA         



SEGMENTS        Name                           Load    Length   Top    Selector   Space  Class

                reset_vec                      000000  000004  000004         0       0  CODE    
                cstackCOMRAM                   000001  00003D  00003E         1       1  COMRAM  
                intcodelo                      000018  000833  00084B         C       0  CODE    
                idloc                          200000  000008  200008    200000       0  IDLOC   
                config                         300000  00000E  30000E    300000       0  CONFIG  


UNUSED ADDRESS RANGES

        Name                Unused          Largest block    Delta
        BANK0            000060-0000FF               A0
        BANK1            000100-0001FF              100
        BANK2            000200-0002FF              100
        BIGRAM           00003E-0002FF              2C2
        CODE             000004-000017               14
                         00084B-001FFF             17B5
        COMRAM           00003E-00005F               22
        CONST            000004-000017               14
                         00084B-001FFF             17B5
        EEDATA           F00000-F000FF              100
        MEDIUMCONST      00084B-001FFF             17B5
        RAM              000060-0002FF              100
        SFR              000F60-000FFF               A0
        SMALLCONST       00084B-001FFF              100
        STACK            000060-0002FF              2A0

                                  Symbol Table

?___awdiv                     cstackCOMRAM 000011
?___wmul                      cstackCOMRAM 00000B
LCDout@number                 cstackCOMRAM 00000C
LEDout@number                 cstackCOMRAM 000001
SendLCD@Byte                  cstackCOMRAM 00000E
SendLCD@type                  cstackCOMRAM 00000D
SetLine@line                  cstackCOMRAM 00000F
_BAUDCONbits                  (abs)        000FAA
_CCP1CONbits                  (abs)        000FBD
_CCP2CONbits                  (abs)        000FBA
_CCPR1H                       (abs)        000FBF
_CCPR1L                       (abs)        000FBE
_CCPR2H                       (abs)        000FBC
_CCPR2L                       (abs)        000FBB
_E_TOG                        text13       00082E
_INTCON2bits                  (abs)        000FF1
_INTCONbits                   (abs)        000FF2
_InterruptHandlerLow          intcodelo    000018
_LATAbits                     (abs)        000F89
_LATB                         (abs)        000F8A
_LATBbits                     (abs)        000F8A
_LATC                         (abs)        000F8B
_LATCbits                     (abs)        000F8B
_LATD                         (abs)        000F8C
_LATDbits                     (abs)        000F8C
_LCD_Init                     text10       000414
_LCDout                       text12       000540
_LEDInit                      text9        00080C
_LEDout                       text19       000638
_OSCCON                       (abs)        000FD3
_OSCCONbits                   (abs)        000FD3
_PDC0H                        (abs)        000F78
_PDC0L                        (abs)        000F79
_PDC1H                        (abs)        000F76
_PDC1L                        (abs)        000F77
_PIE1bits                     (abs)        000F9D
_PIR1bits                     (abs)        000F9E
_PIR2bits                     (abs)        000FA1
_PTCON0                       (abs)        000F7F
_PTCON1                       (abs)        000F7E
_PTPERH                       (abs)        000F7A
_PTPERL                       (abs)        000F7B
_PWMCON0                      (abs)        000F6F
_PWMCON1                      (abs)        000F6E
_RCONbits                     (abs)        000FD0
_RCREG                        (abs)        000FAE
_RCSTAbits                    (abs)        000FAB
_SPBRG                        (abs)        000FAF
_SPBRGH                       (abs)        000FB0
_SendLCD                      text11       0006E0
_SetLine                      text8        000678
_T1CONbits                    (abs)        000FCD
_TMR1                         (abs)        000FCE
_TRISAbits                    (abs)        000F92
_TRISBbits                    (abs)        000F93
_TRISCbits                    (abs)        000F94
_TRISDbits                    (abs)        000F95
_TXREG                        (abs)        000FAD
_TXSTAbits                    (abs)        000FAC
_TurningSpeed                 dataCOMRAM   00003C
__CFG_OSC$IRCIO               (abs)        000000
__HRAM                        (abs)        000000
__Habs1                       abs1         000000
__Hbank0                      bank0        000000
__Hbank1                      bank1        000000
__Hbank2                      bank2        000000
__Hbigbss                     bigbss       000000
__Hbigdata                    bigdata      000000
__Hbigram                     bigram       000000
__Hbss                        bss          000000
__HbssCOMRAM                  bssCOMRAM    000000
__Hcinit                      cinit        000000
__Hclrtext                    clrtext      000000
__Hcomram                     comram       000000
__Hconfig                     config       30000E
__Hconst                      const        000000
__HcstackCOMRAM               cstackCOMRAM 000000
__Hdata                       data         000000
__HdataCOMRAM                 dataCOMRAM   000000
__Heeprom_data                eeprom_data  000000
__Hfarbss                     farbss       000000
__Hfardata                    fardata      000000
__Hibigdata                   ibigdata     000000
__Hidata                      idata        000000
__HidataCOMRAM                idataCOMRAM  000000
__Hidloc                      idloc        200008
__Hifardata                   ifardata     000000
__Hinit                       init         0000D6
__Hintcode                    intcode      000004
__Hintcode_body               intcode_body 000000
__Hintcodelo                  intcodelo    0000D2
__Hintentry                   intentry     000000
__Hintret                     intret       000000
__Hintsave_regs               intsave_regs 000000
__Hirdata                     irdata       000000
__Hmediumconst                mediumconst  000000
__HnvFARRAM                   nvFARRAM     000000
__Hnvbit                      nvbit        000000
__Hnvrram                     nvrram       000000
__Hparam                      rparam       000000
__Hpowerup                    powerup      0000D2
__Hram                        ram          000000
__Hramtop                     ramtop       000300
__Hrbit                       rbit         000000
__Hrbss                       rbss         000000
__Hrdata                      rdata        000000
__Hreset_vec                  reset_vec    000004
__Hrparam                     rparam       000000
__Hsfr                        sfr          000000
__Hsmallconst                 smallconst   000000
__Hspace_0                    (abs)        30000E
__Hspace_1                    (abs)        00003E
__Hspace_2                    (abs)        000000
__Hstack                      stack        000000
__Hstruct                     struct       000000
__Htemp                       temp         00003E
__Htext                       text         000000
__Htext0                      text0        000000
__Htext1                      text1        000000
__Htext10                     text10       000000
__Htext11                     text11       000000
__Htext12                     text12       000000
__Htext13                     text13       000000
__Htext15                     text15       000000
__Htext16                     text16       000000
__Htext17                     text17       000000
__Htext18                     text18       000000
__Htext19                     text19       000000
__Htext2                      text2        000000
__Htext3                      text3        000000
__Htext4                      text4        000000
__Htext5                      text5        000000
__Htext6                      text6        000000
__Htext7                      text7        000000
__Htext8                      text8        000000
__Htext9                      text9        000000
__LRAM                        (abs)        000001
__Labs1                       abs1         000000
__Lbank0                      bank0        000000
__Lbank1                      bank1        000000
__Lbank2                      bank2        000000
__Lbigbss                     bigbss       000000
__Lbigdata                    bigdata      000000
__Lbigram                     bigram       000000
__Lbss                        bss          000000
__LbssCOMRAM                  bssCOMRAM    000000
__Lcinit                      cinit        000000
__Lclrtext                    clrtext      000000
__Lcomram                     comram       000000
__Lconfig                     config       300000
__Lconst                      const        000000
__LcstackCOMRAM               cstackCOMRAM 000000
__Ldata                       data         000000
__LdataCOMRAM                 dataCOMRAM   000000
__Leeprom_data                eeprom_data  000000
__Lfarbss                     farbss       000000
__Lfardata                    fardata      000000
__Libigdata                   ibigdata     000000
__Lidata                      idata        000000
__LidataCOMRAM                idataCOMRAM  000000
__Lidloc                      idloc        200000
__Lifardata                   ifardata     000000
__Linit                       init         0000D2
__Lintcode                    intcode      000004
__Lintcode_body               intcode_body 000000
__Lintcodelo                  intcodelo    000018
__Lintentry                   intentry     000000
__Lintret                     intret       000000
__Lintsave_regs               intsave_regs 000000
__Lirdata                     irdata       000000
__Lmediumconst                mediumconst  000000
__LnvFARRAM                   nvFARRAM     000000
__Lnvbit                      nvbit        000000
__Lnvrram                     nvrram       000000
__Lparam                      rparam       000000
__Lpowerup                    powerup      0000D2
__Lram                        ram          000000
__Lramtop                     ramtop       000300
__Lrbit                       rbit         000000
__Lrbss                       rbss         000000
__Lrdata                      rdata        000000
__Lreset_vec                  reset_vec    000000
__Lrparam                     rparam       000000
__Lsfr                        sfr          000000
__Lsmallconst                 smallconst   000000
__Lspace_0                    (abs)        000000
__Lspace_1                    (abs)        000000
__Lspace_2                    (abs)        000000
__Lstack                      stack        000000
__Lstruct                     struct       000000
__Ltemp                       temp         00003D
__Ltext                       text         000000
__Ltext0                      text0        000000
__Ltext1                      text1        000000
__Ltext10                     text10       000000
__Ltext11                     text11       000000
__Ltext12                     text12       000000
__Ltext13                     text13       000000
__Ltext15                     text15       000000
__Ltext16                     text16       000000
__Ltext17                     text17       000000
__Ltext18                     text18       000000
__Ltext19                     text19       000000
__Ltext2                      text2        000000
__Ltext3                      text3        000000
__Ltext4                      text4        000000
__Ltext5                      text5        000000
__Ltext6                      text6        000000
__Ltext7                      text7        000000
__Ltext8                      text8        000000
__Ltext9                      text9        000000
__S0                          (abs)        30000E
__S1                          (abs)        00003E
__S2                          (abs)        000000
___awdiv                      text7        000350
___awdiv@counter              cstackCOMRAM 000015
___awdiv@dividend             cstackCOMRAM 000011
___awdiv@divisor              cstackCOMRAM 000013
___awdiv@quotient             cstackCOMRAM 000017
___awdiv@sign                 cstackCOMRAM 000016
___inthi_sp                   stack        000000
___intlo_sp                   stack        000000
___param_bank                 (abs)        000000
___rparam_used                (abs)        000001
___sp                         stack        000000
___wmul                       text6        0007E6
___wmul@multiplicand          cstackCOMRAM 00000D
___wmul@multiplier            cstackCOMRAM 00000B
___wmul@product               cstackCOMRAM 00000F
__accesstop                   (abs)        000060
__activetblptr                (abs)        000000
__end_of_E_TOG                text13       00083C
__end_of_InterruptHandlerLow  intcodelo    0000D2
__end_of_LCD_Init             text10       0004BE
__end_of_LCDout               text12       0005BC
__end_of_LEDInit              text9        00082E
__end_of_LEDout               text19       000678
__end_of_SendLCD              text11       000710
__end_of_SetLine              text8        0006AC
__end_of___awdiv              text7        000414
__end_of___wmul               text6        00080C
__end_of__initialization      cinit        0007DC
__end_of_fullSpeedAhead       text4        0007BE
__end_of_initMotor            text3        000540
__end_of_main                 text0        000350
__end_of_setMotorPWM          text5        000270
__end_of_turnLeft             text2        000794
__end_of_turnRight            text1        00076A
__end_ofi1_E_TOG              text18       00084A
__end_ofi1_LCDout             text17       000638
__end_ofi1_SendLCD            text16       000740
__end_ofi1_SetLine            text15       0006E0
__initialization              cinit        0007BE
__mediumconst                 mediumconst  000000
__pbssCOMRAM                  bssCOMRAM    000026
__pcinit                      cinit        0007BE
__pcstackCOMRAM               cstackCOMRAM 000001
__pdataCOMRAM                 dataCOMRAM   00003C
__pidataCOMRAM                idataCOMRAM  00084A
__pintcodelo                  intcodelo    000018
__ptext0                      text0        000270
__ptext1                      text1        000740
__ptext10                     text10       000414
__ptext11                     text11       0006E0
__ptext12                     text12       000540
__ptext13                     text13       00082E
__ptext15                     text15       0006AC
__ptext16                     text16       000710
__ptext17                     text17       0005BC
__ptext18                     text18       00083C
__ptext19                     text19       000638
__ptext2                      text2        00076A
__ptext3                      text3        0004BE
__ptext4                      text4        000794
__ptext5                      text5        0000D6
__ptext6                      text6        0007E6
__ptext7                      text7        000350
__ptext8                      text8        000678
__ptext9                      text9        00080C
__ramtop                      ramtop       000300
__size_of_E_TOG               (abs)        000000
__size_of_InterruptHandlerLow (abs)        000000
__size_of_LCD_Init            (abs)        000000
__size_of_LCDout              (abs)        000000
__size_of_LEDInit             (abs)        000000
__size_of_LEDout              (abs)        000000
__size_of_SendLCD             (abs)        000000
__size_of_SetLine             (abs)        000000
__size_of___awdiv             (abs)        000000
__size_of___wmul              (abs)        000000
__size_of_fullSpeedAhead      (abs)        000000
__size_of_initMotor           (abs)        000000
__size_of_main                (abs)        000000
__size_of_setMotorPWM         (abs)        000000
__size_of_turnLeft            (abs)        000000
__size_of_turnRight           (abs)        000000
__size_ofi1_E_TOG             (abs)        000000
__size_ofi1_LCDout            (abs)        000000
__size_ofi1_SendLCD           (abs)        000000
__size_ofi1_SetLine           (abs)        000000
__smallconst                  smallconst   000000
_fullSpeedAhead               text4        000794
_initMotor                    text3        0004BE
_left                         bssCOMRAM    000026
_main                         text0        000270
_motorL                       bssCOMRAM    000033
_motorR                       bssCOMRAM    00002A
_right                        bssCOMRAM    000028
_setMotorPWM                  text5        0000D6
_turnLeft                     text2        00076A
_turnRight                    text1        000740
btemp                         temp         00003D
end_of_initialization         cinit        0007DC
fullSpeedAhead@m_L            cstackCOMRAM 000020
fullSpeedAhead@m_R            cstackCOMRAM 000022
i1LCDout@number               cstackCOMRAM 000002
i1SendLCD@Byte                cstackCOMRAM 000004
i1SendLCD@type                cstackCOMRAM 000003
i1SetLine@line                cstackCOMRAM 000005
i1_E_TOG                      text18       00083C
i1_LCDout                     text17       0005BC
i1_SendLCD                    text16       000710
i1_SetLine                    text15       0006AC
int$flags                     temp         00003D
intlevel0                     text         000000
intlevel1                     text         000000
intlevel2                     text         000000
intlevel3                     text         000000
setMotorPWM@PWMduty           cstackCOMRAM 00001E
setMotorPWM@m                 cstackCOMRAM 000019
stackhi                       (abs)        0002FF
stacklo                       (abs)        000060
start                         init         0000D2
start_initialization          cinit        0007BE
ttemp5                        temp         00003E
ttemp6                        temp         000041
ttemp7                        temp         000045
turnLeft@m_L                  cstackCOMRAM 000020
turnLeft@m_R                  cstackCOMRAM 000022
turnRight@m_L                 cstackCOMRAM 000020
turnRight@m_R                 cstackCOMRAM 000022
wtemp8                        temp         00003E


FUNCTION INFORMATION:

 *************** function _main *****************
 Defined at:
		line 44 in file "main.c"
 Parameters:    Size  Location     Type
		None
 Auto vars:     Size  Location     Type
		None
 Return value:  Size  Location     Type
                  1    wreg      void 
 Registers used:
		wreg, fsr2l, fsr2h, status,2, status,0, prodl, prodh, cstack
 Tracked objects:
		On entry : 
		On exit  : 
		Unchanged: 
 Data sizes:     COMRAM   BANK0   BANK1   BANK2
      Params:         0       0       0       0
      Locals:         0       0       0       0
      Temps:          2       0       0       0
      Totals:         2       0       0       0
Total ram usage:        2 bytes
 Hardware stack levels required when called:    9
 This function calls:
		_LCD_Init
		_LEDInit
		_SetLine
		_fullSpeedAhead
		_initMotor
		_turnLeft
		_turnRight
 This function is called by:
		Startup code after reset
 This function uses a non-reentrant model


 *************** function _turnRight *****************
 Defined at:
		line 80 in file "motor.c"
 Parameters:    Size  Location     Type
  m_L             2   31[COMRAM] PTR struct DC_motor
		 -> motorL(9), 
  m_R             2   33[COMRAM] PTR struct DC_motor
		 -> motorR(9), 
 Auto vars:     Size  Location     Type
		None
 Return value:  Size  Location     Type
                  1    wreg      void 
 Registers used:
		wreg, fsr2l, fsr2h, status,2, status,0, prodl, prodh, cstack
 Tracked objects:
		On entry : 
		On exit  : 
		Unchanged: 
 Data sizes:     COMRAM   BANK0   BANK1   BANK2
      Params:         4       0       0       0
      Locals:         0       0       0       0
      Temps:          0       0       0       0
      Totals:         4       0       0       0
Total ram usage:        4 bytes
 Hardware stack levels used:    1
 Hardware stack levels required when called:    7
 This function calls:
		_setMotorPWM
 This function is called by:
		_main
 This function uses a non-reentrant model


 *************** function _turnLeft *****************
 Defined at:
		line 70 in file "motor.c"
 Parameters:    Size  Location     Type
  m_L             2   31[COMRAM] PTR struct DC_motor
		 -> motorL(9), 
  m_R             2   33[COMRAM] PTR struct DC_motor
		 -> motorR(9), 
 Auto vars:     Size  Location     Type
		None
 Return value:  Size  Location     Type
                  1    wreg      void 
 Registers used:
		wreg, fsr2l, fsr2h, status,2, status,0, prodl, prodh, cstack
 Tracked objects:
		On entry : 
		On exit  : 
		Unchanged: 
 Data sizes:     COMRAM   BANK0   BANK1   BANK2
      Params:         4       0       0       0
      Locals:         0       0       0       0
      Temps:          0       0       0       0
      Totals:         4       0       0       0
Total ram usage:        4 bytes
 Hardware stack levels used:    1
 Hardware stack levels required when called:    7
 This function calls:
		_setMotorPWM
 This function is called by:
		_main
 This function uses a non-reentrant model


 *************** function _initMotor *****************
 Defined at:
		line 4 in file "motor.c"
 Parameters:    Size  Location     Type
		None
 Auto vars:     Size  Location     Type
  PWMcycle        2    0        int 
 Return value:  Size  Location     Type
                  1    wreg      void 
 Registers used:
		wreg, status,2, status,0
 Tracked objects:
		On entry : 
		On exit  : 
		Unchanged: 
 Data sizes:     COMRAM   BANK0   BANK1   BANK2
      Params:         0       0       0       0
      Locals:         2       0       0       0
      Temps:          0       0       0       0
      Totals:         2       0       0       0
Total ram usage:        2 bytes
 Hardware stack levels used:    1
 Hardware stack levels required when called:    5
 This function calls:
		Nothing
 This function is called by:
		_main
 This function uses a non-reentrant model


 *************** function _fullSpeedAhead *****************
 Defined at:
		line 90 in file "motor.c"
 Parameters:    Size  Location     Type
  m_L             2   31[COMRAM] PTR struct DC_motor
		 -> motorL(9), 
  m_R             2   33[COMRAM] PTR struct DC_motor
		 -> motorR(9), 
 Auto vars:     Size  Location     Type
		None
 Return value:  Size  Location     Type
                  1    wreg      void 
 Registers used:
		wreg, fsr2l, fsr2h, status,2, status,0, prodl, prodh, cstack
 Tracked objects:
		On entry : 
		On exit  : 
		Unchanged: 
 Data sizes:     COMRAM   BANK0   BANK1   BANK2
      Params:         4       0       0       0
      Locals:         0       0       0       0
      Temps:          0       0       0       0
      Totals:         4       0       0       0
Total ram usage:        4 bytes
 Hardware stack levels used:    1
 Hardware stack levels required when called:    7
 This function calls:
		_setMotorPWM
 This function is called by:
		_main
 This function uses a non-reentrant model


 *************** function _setMotorPWM *****************
 Defined at:
		line 41 in file "motor.c"
 Parameters:    Size  Location     Type
  m               2   24[COMRAM] PTR struct DC_motor
		 -> motorR(9), motorL(9), 
 Auto vars:     Size  Location     Type
  PWMduty         2   29[COMRAM] int 
 Return value:  Size  Location     Type
                  1    wreg      void 
 Registers used:
		wreg, fsr2l, fsr2h, status,2, status,0, prodl, prodh, cstack
 Tracked objects:
		On entry : 
		On exit  : 
		Unchanged: 
 Data sizes:     COMRAM   BANK0   BANK1   BANK2
      Params:         2       0       0       0
      Locals:         2       0       0       0
      Temps:          3       0       0       0
      Totals:         7       0       0       0
Total ram usage:        7 bytes
 Hardware stack levels used:    1
 Hardware stack levels required when called:    6
 This function calls:
		___awdiv
		___wmul
 This function is called by:
		_turnLeft
		_turnRight
		_fullSpeedAhead
		_stop
		_setMotorFullSpeed
 This function uses a non-reentrant model


 *************** function ___wmul *****************
 Defined at:
		line 15 in file "C:\Program Files (x86)\Microchip\xc8\v2.10\pic\sources\c99\common\Umul16.c"
 Parameters:    Size  Location     Type
  multiplier      2   10[COMRAM] unsigned int 
  multiplicand    2   12[COMRAM] unsigned int 
 Auto vars:     Size  Location     Type
  product         2   14[COMRAM] unsigned int 
 Return value:  Size  Location     Type
                  2   10[COMRAM] unsigned int 
 Registers used:
		wreg, status,2, status,0, prodl, prodh
 Tracked objects:
		On entry : 
		On exit  : 
		Unchanged: 
 Data sizes:     COMRAM   BANK0   BANK1   BANK2
      Params:         4       0       0       0
      Locals:         2       0       0       0
      Temps:          0       0       0       0
      Totals:         6       0       0       0
Total ram usage:        6 bytes
 Hardware stack levels used:    1
 Hardware stack levels required when called:    5
 This function calls:
		Nothing
 This function is called by:
		_setMotorPWM
		_delay_s
 This function uses a non-reentrant model


 *************** function ___awdiv *****************
 Defined at:
		line 7 in file "C:\Program Files (x86)\Microchip\xc8\v2.10\pic\sources\c99\common\awdiv.c"
 Parameters:    Size  Location     Type
  dividend        2   16[COMRAM] int 
  divisor         2   18[COMRAM] int 
 Auto vars:     Size  Location     Type
  quotient        2   22[COMRAM] int 
  sign            1   21[COMRAM] unsigned char 
  counter         1   20[COMRAM] unsigned char 
 Return value:  Size  Location     Type
                  2   16[COMRAM] int 
 Registers used:
		wreg, status,2, status,0
 Tracked objects:
		On entry : 
		On exit  : 
		Unchanged: 
 Data sizes:     COMRAM   BANK0   BANK1   BANK2
      Params:         4       0       0       0
      Locals:         4       0       0       0
      Temps:          0       0       0       0
      Totals:         8       0       0       0
Total ram usage:        8 bytes
 Hardware stack levels used:    1
 Hardware stack levels required when called:    5
 This function calls:
		Nothing
 This function is called by:
		_setMotorPWM
 This function uses a non-reentrant model


 *************** function _SetLine *****************
 Defined at:
		line 85 in file "lcd.c"
 Parameters:    Size  Location     Type
  line            1    wreg     unsigned char 
 Auto vars:     Size  Location     Type
  line            1   14[COMRAM] unsigned char 
 Return value:  Size  Location     Type
                  1    wreg      void 
 Registers used:
		wreg, status,2, status,0, cstack
 Tracked objects:
		On entry : 
		On exit  : 
		Unchanged: 
 Data sizes:     COMRAM   BANK0   BANK1   BANK2
      Params:         0       0       0       0
      Locals:         1       0       0       0
      Temps:          0       0       0       0
      Totals:         1       0       0       0
Total ram usage:        1 bytes
 Hardware stack levels used:    1
 Hardware stack levels required when called:    8
 This function calls:
		_SendLCD
 This function is called by:
		_main
 This function uses a non-reentrant model


 *************** function _LEDInit *****************
 Defined at:
		line 17 in file "led.c"
 Parameters:    Size  Location     Type
		None
 Auto vars:     Size  Location     Type
		None
 Return value:  Size  Location     Type
                  1    wreg      void 
 Registers used:
		None
 Tracked objects:
		On entry : 
		On exit  : 
		Unchanged: 
 Data sizes:     COMRAM   BANK0   BANK1   BANK2
      Params:         0       0       0       0
      Locals:         0       0       0       0
      Temps:          0       0       0       0
      Totals:         0       0       0       0
Total ram usage:        0 bytes
 Hardware stack levels used:    1
 Hardware stack levels required when called:    5
 This function calls:
		Nothing
 This function is called by:
		_main
 This function uses a non-reentrant model


 *************** function _LCD_Init *****************
 Defined at:
		line 38 in file "lcd.c"
 Parameters:    Size  Location     Type
		None
 Auto vars:     Size  Location     Type
		None
 Return value:  Size  Location     Type
                  1    wreg      void 
 Registers used:
		wreg, status,2, status,0, cstack
 Tracked objects:
		On entry : 
		On exit  : 
		Unchanged: 
 Data sizes:     COMRAM   BANK0   BANK1   BANK2
      Params:         0       0       0       0
      Locals:         0       0       0       0
      Temps:          1       0       0       0
      Totals:         1       0       0       0
Total ram usage:        1 bytes
 Hardware stack levels used:    1
 Hardware stack levels required when called:    8
 This function calls:
		_LCDout
		_SendLCD
 This function is called by:
		_main
 This function uses a non-reentrant model


 *************** function _SendLCD *****************
 Defined at:
		line 26 in file "lcd.c"
 Parameters:    Size  Location     Type
  Byte            1    wreg     unsigned char 
  type            1   12[COMRAM] unsigned char 
 Auto vars:     Size  Location     Type
  Byte            1   13[COMRAM] unsigned char 
 Return value:  Size  Location     Type
                  1    wreg      void 
 Registers used:
		wreg, status,2, status,0, cstack
 Tracked objects:
		On entry : 
		On exit  : 
		Unchanged: 
 Data sizes:     COMRAM   BANK0   BANK1   BANK2
      Params:         1       0       0       0
      Locals:         1       0       0       0
      Temps:          0       0       0       0
      Totals:         2       0       0       0
Total ram usage:        2 bytes
 Hardware stack levels used:    1
 Hardware stack levels required when called:    7
 This function calls:
		_LCDout
 This function is called by:
		_LCD_Init
		_SetLine
		_LCD_String
		_ClearLCD
 This function uses a non-reentrant model


 *************** function _LCDout *****************
 Defined at:
		line 14 in file "lcd.c"
 Parameters:    Size  Location     Type
  number          1    wreg     unsigned char 
 Auto vars:     Size  Location     Type
  number          1   11[COMRAM] unsigned char 
 Return value:  Size  Location     Type
                  1    wreg      void 
 Registers used:
		wreg, status,2, status,0, cstack
 Tracked objects:
		On entry : 
		On exit  : 
		Unchanged: 
 Data sizes:     COMRAM   BANK0   BANK1   BANK2
      Params:         0       0       0       0
      Locals:         1       0       0       0
      Temps:          1       0       0       0
      Totals:         2       0       0       0
Total ram usage:        2 bytes
 Hardware stack levels used:    1
 Hardware stack levels required when called:    6
 This function calls:
		_E_TOG
 This function is called by:
		_SendLCD
		_LCD_Init
 This function uses a non-reentrant model


 *************** function _E_TOG *****************
 Defined at:
		line 4 in file "lcd.c"
 Parameters:    Size  Location     Type
		None
 Auto vars:     Size  Location     Type
		None
 Return value:  Size  Location     Type
                  1    wreg      void 
 Registers used:
		wreg
 Tracked objects:
		On entry : 
		On exit  : 
		Unchanged: 
 Data sizes:     COMRAM   BANK0   BANK1   BANK2
      Params:         0       0       0       0
      Locals:         0       0       0       0
      Temps:          0       0       0       0
      Totals:         0       0       0       0
Total ram usage:        0 bytes
 Hardware stack levels used:    1
 Hardware stack levels required when called:    5
 This function calls:
		Nothing
 This function is called by:
		_LCDout
 This function uses a non-reentrant model


 *************** function _InterruptHandlerLow *****************
 Defined at:
		line 21 in file "main.c"
 Parameters:    Size  Location     Type
		None
 Auto vars:     Size  Location     Type
		None
 Return value:  Size  Location     Type
                  1    wreg      void 
 Registers used:
		wreg, status,2, status,0, cstack
 Tracked objects:
		On entry : 
		On exit  : 
		Unchanged: 
 Data sizes:     COMRAM   BANK0   BANK1   BANK2
      Params:         0       0       0       0
      Locals:         0       0       0       0
      Temps:          5       0       0       0
      Totals:         5       0       0       0
Total ram usage:        5 bytes
 Hardware stack levels used:    1
 Hardware stack levels required when called:    4
 This function calls:
		_LEDout
		i1_SendLCD
		i1_SetLine
 This function is called by:
		Interrupt level 1
 This function uses a non-reentrant model


 *************** function i1_SetLine *****************
 Defined at:
		line 85 in file "lcd.c"
 Parameters:    Size  Location     Type
  line            1    wreg     unsigned char 
 Auto vars:     Size  Location     Type
  line            1    4[COMRAM] unsigned char 
 Return value:  Size  Location     Type
                  1    wreg      void 
 Registers used:
		wreg, status,2, status,0, cstack
 Tracked objects:
		On entry : 
		On exit  : 
		Unchanged: 
 Data sizes:     COMRAM   BANK0   BANK1   BANK2
      Params:         0       0       0       0
      Locals:         1       0       0       0
      Temps:          0       0       0       0
      Totals:         1       0       0       0
Total ram usage:        1 bytes
 Hardware stack levels used:    1
 Hardware stack levels required when called:    3
 This function calls:
		i1_SendLCD
 This function is called by:
		_InterruptHandlerLow
 This function uses a non-reentrant model


 *************** function i1_SendLCD *****************
 Defined at:
		line 26 in file "lcd.c"
 Parameters:    Size  Location     Type
  Byte            1    wreg     unsigned char 
  type            1    2[COMRAM] unsigned char 
 Auto vars:     Size  Location     Type
  Byte            1    3[COMRAM] unsigned char 
 Return value:  Size  Location     Type
                  1    wreg      void 
 Registers used:
		wreg, status,2, status,0, cstack
 Tracked objects:
		On entry : 
		On exit  : 
		Unchanged: 
 Data sizes:     COMRAM   BANK0   BANK1   BANK2
      Params:         1       0       0       0
      Locals:         1       0       0       0
      Temps:          0       0       0       0
      Totals:         2       0       0       0
Total ram usage:        2 bytes
 Hardware stack levels used:    1
 Hardware stack levels required when called:    2
 This function calls:
		i1_LCDout
 This function is called by:
		_InterruptHandlerLow
		i1_SetLine
 This function uses a non-reentrant model


 *************** function i1_LCDout *****************
 Defined at:
		line 14 in file "lcd.c"
 Parameters:    Size  Location     Type
  number          1    wreg     unsigned char 
 Auto vars:     Size  Location     Type
  number          1    1[COMRAM] unsigned char 
 Return value:  Size  Location     Type
                  1    wreg      void 
 Registers used:
		wreg, status,2, status,0, cstack
 Tracked objects:
		On entry : 
		On exit  : 
		Unchanged: 
 Data sizes:     COMRAM   BANK0   BANK1   BANK2
      Params:         0       0       0       0
      Locals:         1       0       0       0
      Temps:          1       0       0       0
      Totals:         2       0       0       0
Total ram usage:        2 bytes
 Hardware stack levels used:    1
 Hardware stack levels required when called:    1
 This function calls:
		i1_E_TOG
 This function is called by:
		i1_SendLCD
 This function uses a non-reentrant model


 *************** function i1_E_TOG *****************
 Defined at:
		line 4 in file "lcd.c"
 Parameters:    Size  Location     Type
		None
 Auto vars:     Size  Location     Type
		None
 Return value:  Size  Location     Type
                  1    wreg      void 
 Registers used:
		wreg
 Tracked objects:
		On entry : 
		On exit  : 
		Unchanged: 
 Data sizes:     COMRAM   BANK0   BANK1   BANK2
      Params:         0       0       0       0
      Locals:         0       0       0       0
      Temps:          0       0       0       0
      Totals:         0       0       0       0
Total ram usage:        0 bytes
 Hardware stack levels used:    1
 This function calls:
		Nothing
 This function is called by:
		i1_LCDout
 This function uses a non-reentrant model


 *************** function _LEDout *****************
 Defined at:
		line 4 in file "led.c"
 Parameters:    Size  Location     Type
  number          2    0[COMRAM] int 
 Auto vars:     Size  Location     Type
		None
 Return value:  Size  Location     Type
                  1    wreg      void 
 Registers used:
		wreg, status,2, status,0
 Tracked objects:
		On entry : 
		On exit  : 
		Unchanged: 
 Data sizes:     COMRAM   BANK0   BANK1   BANK2
      Params:         2       0       0       0
      Locals:         0       0       0       0
      Temps:          3       0       0       0
      Totals:         5       0       0       0
Total ram usage:        5 bytes
 Hardware stack levels used:    1
 This function calls:
		Nothing
 This function is called by:
		_InterruptHandlerLow
 This function uses a non-reentrant model



MODULE INFORMATION

Module		Function		Class		Link	Load	Size
C:\Program Files (x86)\Microchip\xc8\v2.10\pic\sources\c99\common\awdiv.c
		___awdiv       		CODE           	0350	0000	197

C:\Program Files (x86)\Microchip\xc8\v2.10\pic\sources\c99\common\awdiv.c estimated size: 197

motor.c
		_fullSpeedAhead		CODE           	0794	0000	43
		_turnLeft      		CODE           	076A	0000	43
		_turnRight     		CODE           	0740	0000	43
		_initMotor     		CODE           	04BE	0000	131
		_setMotorPWM   		CODE           	00D6	0000	411

motor.c estimated size: 671

shared
		i1_LCDout      		CODE           	05BC	0000	125
		i1_SetLine     		CODE           	06AC	0000	53
		i1_E_TOG       		CODE           	083C	0000	15
		__initialization		CODE           	07BE	0000	31
		i1_SendLCD     		CODE           	0710	0000	49

shared estimated size: 273

lcd.c
		_SetLine       		CODE           	0678	0000	53
		_LCD_Init      		CODE           	0414	0000	171
		_SendLCD       		CODE           	06E0	0000	49
		_E_TOG         		CODE           	082E	0000	15
		_LCDout        		CODE           	0540	0000	125

lcd.c estimated size: 413

C:\Program Files (x86)\Microchip\xc8\v2.10\pic\sources\c99\common\Umul16.c
		___wmul        		CODE           	07E6	0000	39

C:\Program Files (x86)\Microchip\xc8\v2.10\pic\sources\c99\common\Umul16.c estimated size: 39

main.c
		_main          		CODE           	0270	0000	225
		_InterruptHandlerLow		CODE           	0018	0000	187

main.c estimated size: 412

led.c
		_LEDInit       		CODE           	080C	0000	35
		_LEDout        		CODE           	0638	0000	65

led.c estimated size: 100

